// Jest Snapshot v1, https://goo.gl/fbAQLP

exports[`CurdForm should render correctly 1`] = `ShallowWrapper {}`;
